PREHOOK: query: drop table decimal_2
PREHOOK: type: DROPTABLE
POSTHOOK: query: drop table decimal_2
POSTHOOK: type: DROPTABLE
PREHOOK: query: create table decimal_2 (t decimal)
PREHOOK: type: CREATETABLE
POSTHOOK: query: create table decimal_2 (t decimal)
POSTHOOK: type: CREATETABLE
POSTHOOK: Output: default@decimal_2
PREHOOK: query: alter table decimal_2 set serde 'org.apache.hadoop.hive.serde2.lazybinary.LazyBinarySerDe'
PREHOOK: type: ALTERTABLE_SERIALIZER
PREHOOK: Input: default@decimal_2
PREHOOK: Output: default@decimal_2
POSTHOOK: query: alter table decimal_2 set serde 'org.apache.hadoop.hive.serde2.lazybinary.LazyBinarySerDe'
POSTHOOK: type: ALTERTABLE_SERIALIZER
POSTHOOK: Input: default@decimal_2
POSTHOOK: Output: default@decimal_2
PREHOOK: query: insert overwrite table decimal_2
  select cast('17.29' as decimal) from src limit 1
PREHOOK: type: QUERY
PREHOOK: Input: default@src
PREHOOK: Output: default@decimal_2
POSTHOOK: query: insert overwrite table decimal_2
  select cast('17.29' as decimal) from src limit 1
POSTHOOK: type: QUERY
POSTHOOK: Input: default@src
POSTHOOK: Output: default@decimal_2
POSTHOOK: Lineage: decimal_2.t EXPRESSION []
PREHOOK: query: select cast(t as boolean) from decimal_2 limit 1
PREHOOK: type: QUERY
PREHOOK: Input: default@decimal_2
#### A masked pattern was here ####
POSTHOOK: query: select cast(t as boolean) from decimal_2 limit 1
POSTHOOK: type: QUERY
POSTHOOK: Input: default@decimal_2
#### A masked pattern was here ####
POSTHOOK: Lineage: decimal_2.t EXPRESSION []
true
PREHOOK: query: select cast(t as tinyint) from decimal_2 limit 1
PREHOOK: type: QUERY
PREHOOK: Input: default@decimal_2
#### A masked pattern was here ####
POSTHOOK: query: select cast(t as tinyint) from decimal_2 limit 1
POSTHOOK: type: QUERY
POSTHOOK: Input: default@decimal_2
#### A masked pattern was here ####
POSTHOOK: Lineage: decimal_2.t EXPRESSION []
17
PREHOOK: query: select cast(t as smallint) from decimal_2 limit 1
PREHOOK: type: QUERY
PREHOOK: Input: default@decimal_2
#### A masked pattern was here ####
POSTHOOK: query: select cast(t as smallint) from decimal_2 limit 1
POSTHOOK: type: QUERY
POSTHOOK: Input: default@decimal_2
#### A masked pattern was here ####
POSTHOOK: Lineage: decimal_2.t EXPRESSION []
17
PREHOOK: query: select cast(t as int) from decimal_2 limit 1
PREHOOK: type: QUERY
PREHOOK: Input: default@decimal_2
#### A masked pattern was here ####
POSTHOOK: query: select cast(t as int) from decimal_2 limit 1
POSTHOOK: type: QUERY
POSTHOOK: Input: default@decimal_2
#### A masked pattern was here ####
POSTHOOK: Lineage: decimal_2.t EXPRESSION []
17
PREHOOK: query: select cast(t as bigint) from decimal_2 limit 1
PREHOOK: type: QUERY
PREHOOK: Input: default@decimal_2
#### A masked pattern was here ####
POSTHOOK: query: select cast(t as bigint) from decimal_2 limit 1
POSTHOOK: type: QUERY
POSTHOOK: Input: default@decimal_2
#### A masked pattern was here ####
POSTHOOK: Lineage: decimal_2.t EXPRESSION []
17
PREHOOK: query: select cast(t as float) from decimal_2 limit 1
PREHOOK: type: QUERY
PREHOOK: Input: default@decimal_2
#### A masked pattern was here ####
POSTHOOK: query: select cast(t as float) from decimal_2 limit 1
POSTHOOK: type: QUERY
POSTHOOK: Input: default@decimal_2
#### A masked pattern was here ####
POSTHOOK: Lineage: decimal_2.t EXPRESSION []
17.29
PREHOOK: query: select cast(t as double) from decimal_2 limit 1
PREHOOK: type: QUERY
PREHOOK: Input: default@decimal_2
#### A masked pattern was here ####
POSTHOOK: query: select cast(t as double) from decimal_2 limit 1
POSTHOOK: type: QUERY
POSTHOOK: Input: default@decimal_2
#### A masked pattern was here ####
POSTHOOK: Lineage: decimal_2.t EXPRESSION []
17.29
PREHOOK: query: select cast(t as string) from decimal_2 limit 1
PREHOOK: type: QUERY
PREHOOK: Input: default@decimal_2
#### A masked pattern was here ####
POSTHOOK: query: select cast(t as string) from decimal_2 limit 1
POSTHOOK: type: QUERY
POSTHOOK: Input: default@decimal_2
#### A masked pattern was here ####
POSTHOOK: Lineage: decimal_2.t EXPRESSION []
17.29
PREHOOK: query: drop table decimal_2
PREHOOK: type: DROPTABLE
PREHOOK: Input: default@decimal_2
PREHOOK: Output: default@decimal_2
POSTHOOK: query: drop table decimal_2
POSTHOOK: type: DROPTABLE
POSTHOOK: Input: default@decimal_2
POSTHOOK: Output: default@decimal_2
POSTHOOK: Lineage: decimal_2.t EXPRESSION []
